Microchip MPLAB XC8 PIC(R) Assembler V2.36

Linker command line:

-W-3 --edf=C:\Program Files\Microchip\xc8\v2.36\pic\dat\en_msgs.txt -cs \
  -h+dist/default/production\pictutorial.X.production.sym \
  --cmf=dist/default/production\pictutorial.X.production.cmf -z -Q10F200 \
  -oC:\Users\caj52\AppData\Local\Temp\xcAsiqg.4 -ver=XC8 PIC(R) Assembler \
  -Mdist/default/production/pictutorial.X.production.map -E1 --acfsm=1493 \
  -ACODE=00h-0FFh -ASTRCODE=00h-0FFh -ASTRING=00h-0FFh \
  -AENTRY=00h-0FFh-0FFh -ABANK0=010h-01Dh -ARAM=010h-01Dh -AABS1=010h-01Fh \
  -ACOMMON=01Ch-01Fh -ASFR0=00h-0Fh -ACONFIG=0FFFh-0FFFh -DCONFIG=2 \
  -AIDLOC=0100h-0103h -DIDLOC=2 -DCODE=2 -DSTRCODE=2 -DSTRING=2 -DCONST=2 \
  -DENTRY=2 build/default/production/main.o 

Object code version is 3.11

Machine type is 10F200



                Name                               Link     Load   Length Selector   Space Scale
build/default/production/main.o
                config                              FFF      FFF        1        0       4
                resetVec                              0        0       17        0       0

TOTAL           Name                               Link     Load   Length     Space
        CLASS   CODE           
                resetVec                              0        0       17         0

        CLASS   STRCODE        

        CLASS   STRING         

        CLASS   ENTRY          

        CLASS   BANK0          

        CLASS   RAM            

        CLASS   ABS1           

        CLASS   COMMON         

        CLASS   SFR0           

        CLASS   CONFIG         
                config                              FFF      FFF        1         4

        CLASS   IDLOC          

        CLASS   CONST          



SEGMENTS        Name                           Load    Length   Top    Selector   Space  Class     Delta



UNUSED ADDRESS RANGES

        Name                Unused          Largest block    Delta
        BANK0            0010-001D              E           1
        CODE             0017-00FF             E9           2
        ENTRY            0017-00FF             E9           2
        IDLOC            0100-0103              4           2
        RAM              0010-001D              E           1
        STRCODE          0017-00FF             E9           2
        STRING           0017-00FF             E9           2

                                  Symbol Table

__Hcode        code        0000  __Hconfig      config      1000
__Hdata        data        0000  __HresetVec    resetVec    0000
__Hspace_0     (abs)       0017  __Hspace_1     (abs)       0000
__Hspace_4     (abs)       1FFF  __Hudata       udata       0000
__Hudata_bank0 udata_bank0 0000  __Lcode        code        0000
__Lconfig      config      0000  __Ldata        data        0000
__LresetVec    resetVec    0000  __Lspace_0     (abs)       0000
__Lspace_1     (abs)       0000  __Lspace_4     (abs)       0000
__Ludata       udata       0000  __Ludata_bank0 udata_bank0 0000
__S0           (abs)       0000  __S1           (abs)       0000
